2025-08-09 22:08:44,572 - __mp_main__ - INFO - Live Wire backend starting up
2025-08-09 22:08:44,572 - __mp_main__ - INFO - Loaded environment variables from /Users/samuelkortchmar/Documents/Projects/live_wire/.env.local
2025-08-09 22:08:44,573 - __mp_main__ - INFO - Allowed CORS origins: ['http://localhost:3000', 'http://localhost:3002', 'http://127.0.0.1:3000', 'http://127.0.0.1:3002']
2025-08-09 22:08:44,573 - __mp_main__ - INFO - Cookie domain: 
2025-08-09 22:08:44,599 - app - INFO - Live Wire backend starting up
2025-08-09 22:08:44,599 - app - INFO - Loaded environment variables from /Users/samuelkortchmar/Documents/Projects/live_wire/.env.local
2025-08-09 22:08:44,600 - app - INFO - Allowed CORS origins: ['http://localhost:3000', 'http://localhost:3002', 'http://127.0.0.1:3000', 'http://127.0.0.1:3002']
2025-08-09 22:08:44,600 - app - INFO - Cookie domain: 
2025-08-09 22:08:44,604 - app - INFO - Starting Live Wire API...
2025-08-09 22:08:44,604 - weather - INFO - Updating weather data...
2025-08-09 22:08:44,604 - data_collectors.weather_collector - INFO - Collecting weather data for NYC:
2025-08-09 22:08:44,605 - data_collectors.weather_collector - INFO -   Recent historical: 2025-07-10 to 2025-08-01
2025-08-09 22:08:44,605 - data_collectors.weather_collector - INFO -   Current + Forecast: last 7 days + next 7 days
2025-08-09 22:08:44,605 - data_collectors.weather_collector - INFO - Collecting weather data from 2025-07-10 to 2025-07-31
2025-08-09 22:08:46,119 - data_collectors.weather_collector - INFO - Collected 528 historical weather points
2025-08-09 22:08:46,120 - data_collectors.weather_collector - INFO - Collecting current weather and forecast data
2025-08-09 22:08:46,642 - data_collectors.weather_collector - INFO - Collected 552 current/forecast weather points
2025-08-09 22:08:46,643 - data_collectors.weather_collector - INFO - Successfully collected 1080 total weather data points
2025-08-09 22:08:46,644 - data_collectors.weather_collector - INFO - Date range: 2025-07-10 to 2025-08-24
2025-08-09 22:10:06,590 - app - INFO - Shutting down Live Wire API...
2025-08-09 22:10:07,209 - __mp_main__ - INFO - Live Wire backend starting up
2025-08-09 22:10:07,209 - __mp_main__ - INFO - Loaded environment variables from /Users/samuelkortchmar/Documents/Projects/live_wire/.env.local
2025-08-09 22:10:07,210 - __mp_main__ - INFO - Allowed CORS origins: ['http://localhost:3000', 'http://localhost:3002', 'http://127.0.0.1:3000', 'http://127.0.0.1:3002']
2025-08-09 22:10:07,210 - __mp_main__ - INFO - Cookie domain: 
2025-08-09 22:10:07,234 - app - INFO - Live Wire backend starting up
2025-08-09 22:10:07,234 - app - INFO - Loaded environment variables from /Users/samuelkortchmar/Documents/Projects/live_wire/.env.local
2025-08-09 22:10:07,234 - app - INFO - Allowed CORS origins: ['http://localhost:3000', 'http://localhost:3002', 'http://127.0.0.1:3000', 'http://127.0.0.1:3002']
2025-08-09 22:10:07,235 - app - INFO - Cookie domain: 
2025-08-09 22:10:07,240 - app - INFO - Starting Live Wire API...
2025-08-09 22:10:07,240 - weather - INFO - Updating weather data...
2025-08-09 22:10:07,241 - data_collectors.weather_collector - INFO - Collecting weather data for NYC:
2025-08-09 22:10:07,241 - data_collectors.weather_collector - INFO -   Recent historical: 2025-07-10 to 2025-08-01
2025-08-09 22:10:07,241 - data_collectors.weather_collector - INFO -   Current + Forecast: last 7 days + next 7 days
2025-08-09 22:10:07,241 - data_collectors.weather_collector - INFO - Collecting weather data from 2025-07-10 to 2025-07-31
2025-08-09 22:10:08,747 - data_collectors.weather_collector - INFO - Collected 528 historical weather points
2025-08-09 22:10:08,748 - data_collectors.weather_collector - INFO - Collecting current weather and forecast data
2025-08-09 22:10:09,231 - data_collectors.weather_collector - INFO - Collected 552 current/forecast weather points
2025-08-09 22:10:09,232 - data_collectors.weather_collector - INFO - Successfully collected 1080 total weather data points
2025-08-09 22:10:09,233 - data_collectors.weather_collector - INFO - Date range: 2025-07-10 to 2025-08-24
2025-08-09 22:10:18,632 - app - INFO - Shutting down Live Wire API...
2025-08-09 22:10:19,209 - __mp_main__ - INFO - Live Wire backend starting up
2025-08-09 22:10:19,209 - __mp_main__ - INFO - Loaded environment variables from /Users/samuelkortchmar/Documents/Projects/live_wire/.env.local
2025-08-09 22:10:19,210 - __mp_main__ - INFO - Allowed CORS origins: ['http://localhost:3000', 'http://localhost:3002', 'http://127.0.0.1:3000', 'http://127.0.0.1:3002']
2025-08-09 22:10:19,210 - __mp_main__ - INFO - Cookie domain: 
2025-08-09 22:10:19,238 - app - INFO - Live Wire backend starting up
2025-08-09 22:10:19,238 - app - INFO - Loaded environment variables from /Users/samuelkortchmar/Documents/Projects/live_wire/.env.local
2025-08-09 22:10:19,238 - app - INFO - Allowed CORS origins: ['http://localhost:3000', 'http://localhost:3002', 'http://127.0.0.1:3000', 'http://127.0.0.1:3002']
2025-08-09 22:10:19,239 - app - INFO - Cookie domain: 
2025-08-09 22:10:19,244 - app - INFO - Starting Live Wire API...
2025-08-09 22:10:19,244 - weather - INFO - Updating weather data...
2025-08-09 22:10:19,244 - data_collectors.weather_collector - INFO - Collecting weather data for NYC:
2025-08-09 22:10:19,244 - data_collectors.weather_collector - INFO -   Recent historical: 2025-07-10 to 2025-08-01
2025-08-09 22:10:19,244 - data_collectors.weather_collector - INFO -   Current + Forecast: last 7 days + next 7 days
2025-08-09 22:10:19,244 - data_collectors.weather_collector - INFO - Collecting weather data from 2025-07-10 to 2025-07-31
2025-08-09 22:10:20,726 - data_collectors.weather_collector - INFO - Collected 528 historical weather points
2025-08-09 22:10:20,727 - data_collectors.weather_collector - INFO - Collecting current weather and forecast data
2025-08-09 22:10:21,222 - data_collectors.weather_collector - INFO - Collected 552 current/forecast weather points
2025-08-09 22:10:21,224 - data_collectors.weather_collector - INFO - Successfully collected 1080 total weather data points
2025-08-09 22:10:21,224 - data_collectors.weather_collector - INFO - Date range: 2025-07-10 to 2025-08-24
2025-08-09 22:10:24,057 - app - INFO - Shutting down Live Wire API...
2025-08-09 22:10:24,896 - __mp_main__ - INFO - Live Wire backend starting up
2025-08-09 22:10:24,896 - __mp_main__ - INFO - Loaded environment variables from /Users/samuelkortchmar/Documents/Projects/live_wire/.env.local
2025-08-09 22:10:24,897 - __mp_main__ - INFO - Allowed CORS origins: ['http://localhost:3000', 'http://localhost:3002', 'http://127.0.0.1:3000', 'http://127.0.0.1:3002']
2025-08-09 22:10:24,897 - __mp_main__ - INFO - Cookie domain: 
2025-08-09 22:10:24,926 - app - INFO - Live Wire backend starting up
2025-08-09 22:10:24,926 - app - INFO - Loaded environment variables from /Users/samuelkortchmar/Documents/Projects/live_wire/.env.local
2025-08-09 22:10:24,927 - app - INFO - Allowed CORS origins: ['http://localhost:3000', 'http://localhost:3002', 'http://127.0.0.1:3000', 'http://127.0.0.1:3002']
2025-08-09 22:10:24,927 - app - INFO - Cookie domain: 
2025-08-09 22:10:24,931 - app - INFO - Starting Live Wire API...
2025-08-09 22:10:24,931 - weather - INFO - Updating weather data...
2025-08-09 22:10:24,931 - data_collectors.weather_collector - INFO - Collecting weather data for NYC:
2025-08-09 22:10:24,931 - data_collectors.weather_collector - INFO -   Recent historical: 2025-07-10 to 2025-08-01
2025-08-09 22:10:24,932 - data_collectors.weather_collector - INFO -   Current + Forecast: last 7 days + next 7 days
2025-08-09 22:10:24,932 - data_collectors.weather_collector - INFO - Collecting weather data from 2025-07-10 to 2025-07-31
2025-08-09 22:10:26,429 - data_collectors.weather_collector - INFO - Collected 528 historical weather points
2025-08-09 22:10:26,430 - data_collectors.weather_collector - INFO - Collecting current weather and forecast data
2025-08-09 22:10:26,910 - data_collectors.weather_collector - INFO - Collected 552 current/forecast weather points
2025-08-09 22:10:26,912 - data_collectors.weather_collector - INFO - Successfully collected 1080 total weather data points
2025-08-09 22:10:26,913 - data_collectors.weather_collector - INFO - Date range: 2025-07-10 to 2025-08-24
2025-08-09 22:10:29,846 - app - INFO - Shutting down Live Wire API...
2025-08-09 22:10:32,722 - __mp_main__ - INFO - Live Wire backend starting up
2025-08-09 22:10:32,723 - __mp_main__ - INFO - Loaded environment variables from /Users/samuelkortchmar/Documents/Projects/live_wire/.env.local
2025-08-09 22:10:32,723 - __mp_main__ - INFO - Allowed CORS origins: ['http://localhost:3000', 'http://localhost:3002', 'http://127.0.0.1:3000', 'http://127.0.0.1:3002']
2025-08-09 22:10:32,723 - __mp_main__ - INFO - Cookie domain: 
2025-08-09 22:10:32,757 - app - INFO - Live Wire backend starting up
2025-08-09 22:10:32,757 - app - INFO - Loaded environment variables from /Users/samuelkortchmar/Documents/Projects/live_wire/.env.local
2025-08-09 22:10:32,758 - app - INFO - Allowed CORS origins: ['http://localhost:3000', 'http://localhost:3002', 'http://127.0.0.1:3000', 'http://127.0.0.1:3002']
2025-08-09 22:10:32,758 - app - INFO - Cookie domain: 
2025-08-09 22:10:32,762 - app - INFO - Starting Live Wire API...
2025-08-09 22:10:32,762 - weather - INFO - Updating weather data...
2025-08-09 22:10:32,763 - data_collectors.weather_collector - INFO - Collecting weather data for NYC:
2025-08-09 22:10:32,763 - data_collectors.weather_collector - INFO -   Recent historical: 2025-07-10 to 2025-08-01
2025-08-09 22:10:32,763 - data_collectors.weather_collector - INFO -   Current + Forecast: last 7 days + next 7 days
2025-08-09 22:10:32,763 - data_collectors.weather_collector - INFO - Collecting weather data from 2025-07-10 to 2025-07-31
2025-08-09 22:10:34,272 - data_collectors.weather_collector - INFO - Collected 528 historical weather points
2025-08-09 22:10:34,273 - data_collectors.weather_collector - INFO - Collecting current weather and forecast data
2025-08-09 22:10:34,763 - data_collectors.weather_collector - INFO - Collected 552 current/forecast weather points
2025-08-09 22:10:34,765 - data_collectors.weather_collector - INFO - Successfully collected 1080 total weather data points
2025-08-09 22:10:34,765 - data_collectors.weather_collector - INFO - Date range: 2025-07-10 to 2025-08-24
2025-08-09 22:10:37,089 - app - INFO - Shutting down Live Wire API...
2025-08-09 22:10:37,562 - __mp_main__ - INFO - Live Wire backend starting up
2025-08-09 22:10:37,562 - __mp_main__ - INFO - Loaded environment variables from /Users/samuelkortchmar/Documents/Projects/live_wire/.env.local
2025-08-09 22:10:37,562 - __mp_main__ - INFO - Allowed CORS origins: ['http://localhost:3000', 'http://localhost:3002', 'http://127.0.0.1:3000', 'http://127.0.0.1:3002']
2025-08-09 22:10:37,563 - __mp_main__ - INFO - Cookie domain: 
2025-08-09 22:10:37,588 - app - INFO - Live Wire backend starting up
2025-08-09 22:10:37,588 - app - INFO - Loaded environment variables from /Users/samuelkortchmar/Documents/Projects/live_wire/.env.local
2025-08-09 22:10:37,589 - app - INFO - Allowed CORS origins: ['http://localhost:3000', 'http://localhost:3002', 'http://127.0.0.1:3000', 'http://127.0.0.1:3002']
2025-08-09 22:10:37,589 - app - INFO - Cookie domain: 
2025-08-09 22:10:37,591 - app - INFO - Starting Live Wire API...
2025-08-09 22:10:37,591 - weather - INFO - Updating weather data...
2025-08-09 22:10:37,591 - data_collectors.weather_collector - INFO - Collecting weather data for NYC:
2025-08-09 22:10:37,591 - data_collectors.weather_collector - INFO -   Recent historical: 2025-07-10 to 2025-08-01
2025-08-09 22:10:37,591 - data_collectors.weather_collector - INFO -   Current + Forecast: last 7 days + next 7 days
2025-08-09 22:10:37,592 - data_collectors.weather_collector - INFO - Collecting weather data from 2025-07-10 to 2025-07-31
2025-08-09 22:10:39,103 - data_collectors.weather_collector - INFO - Collected 528 historical weather points
2025-08-09 22:10:39,103 - data_collectors.weather_collector - INFO - Collecting current weather and forecast data
2025-08-09 22:10:39,585 - data_collectors.weather_collector - INFO - Collected 552 current/forecast weather points
2025-08-09 22:10:39,587 - data_collectors.weather_collector - INFO - Successfully collected 1080 total weather data points
2025-08-09 22:10:39,588 - data_collectors.weather_collector - INFO - Date range: 2025-07-10 to 2025-08-24
2025-08-09 22:10:39,996 - app - INFO - Shutting down Live Wire API...
2025-08-09 22:10:40,456 - __mp_main__ - INFO - Live Wire backend starting up
2025-08-09 22:10:40,456 - __mp_main__ - INFO - Loaded environment variables from /Users/samuelkortchmar/Documents/Projects/live_wire/.env.local
2025-08-09 22:10:40,457 - __mp_main__ - INFO - Allowed CORS origins: ['http://localhost:3000', 'http://localhost:3002', 'http://127.0.0.1:3000', 'http://127.0.0.1:3002']
2025-08-09 22:10:40,457 - __mp_main__ - INFO - Cookie domain: 
2025-08-09 22:10:40,480 - app - INFO - Live Wire backend starting up
2025-08-09 22:10:40,480 - app - INFO - Loaded environment variables from /Users/samuelkortchmar/Documents/Projects/live_wire/.env.local
2025-08-09 22:10:40,480 - app - INFO - Allowed CORS origins: ['http://localhost:3000', 'http://localhost:3002', 'http://127.0.0.1:3000', 'http://127.0.0.1:3002']
2025-08-09 22:10:40,480 - app - INFO - Cookie domain: 
2025-08-09 22:10:40,485 - app - INFO - Starting Live Wire API...
2025-08-09 22:10:40,485 - weather - INFO - Updating weather data...
2025-08-09 22:10:40,485 - data_collectors.weather_collector - INFO - Collecting weather data for NYC:
2025-08-09 22:10:40,485 - data_collectors.weather_collector - INFO -   Recent historical: 2025-07-10 to 2025-08-01
2025-08-09 22:10:40,486 - data_collectors.weather_collector - INFO -   Current + Forecast: last 7 days + next 7 days
2025-08-09 22:10:40,486 - data_collectors.weather_collector - INFO - Collecting weather data from 2025-07-10 to 2025-07-31
2025-08-09 22:10:41,973 - data_collectors.weather_collector - INFO - Collected 528 historical weather points
2025-08-09 22:10:41,974 - data_collectors.weather_collector - INFO - Collecting current weather and forecast data
2025-08-09 22:10:42,476 - data_collectors.weather_collector - INFO - Collected 552 current/forecast weather points
2025-08-09 22:10:42,477 - data_collectors.weather_collector - INFO - Successfully collected 1080 total weather data points
2025-08-09 22:10:42,477 - data_collectors.weather_collector - INFO - Date range: 2025-07-10 to 2025-08-24
2025-08-09 22:10:43,793 - app - INFO - Shutting down Live Wire API...
2025-08-09 22:10:44,280 - __mp_main__ - INFO - Live Wire backend starting up
2025-08-09 22:10:44,282 - __mp_main__ - INFO - Loaded environment variables from /Users/samuelkortchmar/Documents/Projects/live_wire/.env.local
2025-08-09 22:10:44,285 - __mp_main__ - INFO - Allowed CORS origins: ['http://localhost:3000', 'http://localhost:3002', 'http://127.0.0.1:3000', 'http://127.0.0.1:3002']
2025-08-09 22:10:44,285 - __mp_main__ - INFO - Cookie domain: 
2025-08-09 22:10:44,307 - app - INFO - Live Wire backend starting up
2025-08-09 22:10:44,308 - app - INFO - Loaded environment variables from /Users/samuelkortchmar/Documents/Projects/live_wire/.env.local
2025-08-09 22:10:44,312 - app - INFO - Allowed CORS origins: ['http://localhost:3000', 'http://localhost:3002', 'http://127.0.0.1:3000', 'http://127.0.0.1:3002']
2025-08-09 22:10:44,312 - app - INFO - Cookie domain: 
2025-08-09 22:10:44,318 - app - INFO - Starting Live Wire API...
2025-08-09 22:10:44,318 - weather - INFO - Updating weather data...
2025-08-09 22:10:44,318 - data_collectors.weather_collector - INFO - Collecting weather data for NYC:
2025-08-09 22:10:44,318 - data_collectors.weather_collector - INFO -   Recent historical: 2025-07-10 to 2025-08-01
2025-08-09 22:10:44,318 - data_collectors.weather_collector - INFO -   Current + Forecast: last 7 days + next 7 days
2025-08-09 22:10:44,319 - data_collectors.weather_collector - INFO - Collecting weather data from 2025-07-10 to 2025-07-31
2025-08-09 22:10:45,848 - data_collectors.weather_collector - INFO - Collected 528 historical weather points
2025-08-09 22:10:45,849 - data_collectors.weather_collector - INFO - Collecting current weather and forecast data
2025-08-09 22:10:46,340 - data_collectors.weather_collector - INFO - Collected 552 current/forecast weather points
2025-08-09 22:10:46,342 - data_collectors.weather_collector - INFO - Successfully collected 1080 total weather data points
2025-08-09 22:10:46,342 - data_collectors.weather_collector - INFO - Date range: 2025-07-10 to 2025-08-24
2025-08-09 22:10:56,146 - app - INFO - Shutting down Live Wire API...
2025-08-09 22:10:57,634 - __main__ - INFO - Live Wire backend starting up
2025-08-09 22:10:57,634 - __main__ - INFO - Loaded environment variables from /Users/samuelkortchmar/Documents/Projects/live_wire/.env.local
2025-08-09 22:10:57,635 - __main__ - INFO - Allowed CORS origins: ['http://localhost:3000', 'http://localhost:3002', 'http://127.0.0.1:3000', 'http://127.0.0.1:3002']
2025-08-09 22:10:57,636 - __main__ - INFO - Cookie domain: 
2025-08-09 22:10:58,019 - __mp_main__ - INFO - Live Wire backend starting up
2025-08-09 22:10:58,020 - __mp_main__ - INFO - Loaded environment variables from /Users/samuelkortchmar/Documents/Projects/live_wire/.env.local
2025-08-09 22:10:58,020 - __mp_main__ - INFO - Allowed CORS origins: ['http://localhost:3000', 'http://localhost:3002', 'http://127.0.0.1:3000', 'http://127.0.0.1:3002']
2025-08-09 22:10:58,021 - __mp_main__ - INFO - Cookie domain: 
2025-08-09 22:10:58,046 - app - INFO - Live Wire backend starting up
2025-08-09 22:10:58,046 - app - INFO - Loaded environment variables from /Users/samuelkortchmar/Documents/Projects/live_wire/.env.local
2025-08-09 22:10:58,047 - app - INFO - Allowed CORS origins: ['http://localhost:3000', 'http://localhost:3002', 'http://127.0.0.1:3000', 'http://127.0.0.1:3002']
2025-08-09 22:10:58,047 - app - INFO - Cookie domain: 
2025-08-09 22:10:58,051 - app - INFO - Starting Live Wire API...
2025-08-09 22:10:58,051 - weather - INFO - Updating weather data...
2025-08-09 22:10:58,052 - data_collectors.weather_collector - INFO - Collecting weather data for NYC:
2025-08-09 22:10:58,052 - data_collectors.weather_collector - INFO -   Recent historical: 2025-07-10 to 2025-08-01
2025-08-09 22:10:58,052 - data_collectors.weather_collector - INFO -   Current + Forecast: last 7 days + next 7 days
2025-08-09 22:10:58,052 - data_collectors.weather_collector - INFO - Collecting weather data from 2025-07-10 to 2025-07-31
2025-08-09 22:10:58,117 - watchfiles.main - INFO - 1 change detected
2025-08-09 22:10:59,562 - data_collectors.weather_collector - INFO - Collected 528 historical weather points
2025-08-09 22:10:59,563 - data_collectors.weather_collector - INFO - Collecting current weather and forecast data
2025-08-09 22:11:00,060 - data_collectors.weather_collector - INFO - Collected 552 current/forecast weather points
2025-08-09 22:11:00,061 - data_collectors.weather_collector - INFO - Successfully collected 1080 total weather data points
2025-08-09 22:11:00,061 - data_collectors.weather_collector - INFO - Date range: 2025-07-10 to 2025-08-24
2025-08-09 22:11:43,961 - app - INFO - Login attempt for user: samkortchmar@gmail.com
2025-08-09 22:11:43,962 - user - INFO - Created MFA session 78b1e992-03cf-4aa9-9672-ef8914c22cb9 for user samkortchmar@gmail.com
2025-08-09 22:11:43,962 - app - INFO - Setting cookie - Production: False, Domain: None
2025-08-09 22:11:52,040 - user - INFO - MFA code received for session 78b1e992-03cf-4aa9-9672-ef8914c22cb9
2025-08-09 22:11:55,374 - user - INFO - Access token stored for session 78b1e992-03cf-4aa9-9672-ef8914c22cb9
2025-08-09 22:11:55,374 - user - INFO - Authentication successful for session 78b1e992-03cf-4aa9-9672-ef8914c22cb9
2025-08-09 22:12:08,672 - rates_api - INFO - WebSocket connected for session 78b1e992-03cf-4aa9-9672-ef8914c22cb9
2025-08-09 22:12:08,679 - rates_api - INFO - [78b1e992] Sending: initializing (5%)
2025-08-09 22:12:08,679 - rates_api - INFO - ✓ Sent WebSocket message to 78b1e992-03cf-4aa9-9672-ef8914c22cb9: initializing - 5%
2025-08-09 22:12:08,682 - googleapiclient.discovery_cache - INFO - file_cache is only supported with oauth2client<4.0.0
2025-08-09 22:12:08,687 - googleapiclient.discovery_cache - INFO - file_cache is only supported with oauth2client<4.0.0
2025-08-09 22:12:08,719 - rates_api - INFO - [78b1e992] Sending: downloading_template (10%)
2025-08-09 22:12:08,719 - rates_api - INFO - ✓ Sent WebSocket message to 78b1e992-03cf-4aa9-9672-ef8914c22cb9: downloading_template - 10%
2025-08-09 22:12:19,698 - rates_api - INFO - [78b1e992] Sending: authenticating_coned (20%)
2025-08-09 22:12:19,699 - rates_api - INFO - ✓ Sent WebSocket message to 78b1e992-03cf-4aa9-9672-ef8914c22cb9: authenticating_coned - 20%
2025-08-09 22:12:19,699 - rates_api - INFO - [78b1e992] Sending: fetching_account (30%)
2025-08-09 22:12:19,699 - rates_api - INFO - ✓ Sent WebSocket message to 78b1e992-03cf-4aa9-9672-ef8914c22cb9: fetching_account - 30%
2025-08-09 22:12:19,911 - rates_api - INFO - [78b1e992] Sending: fetching_usage (40%)
2025-08-09 22:12:19,912 - rates_api - INFO - ✓ Sent WebSocket message to 78b1e992-03cf-4aa9-9672-ef8914c22cb9: fetching_usage - 40%
2025-08-09 22:12:20,829 - rates_api - INFO - [78b1e992] Sending: fetching_usage (42%)
2025-08-09 22:12:20,829 - rates_api - INFO - ✓ Sent WebSocket message to 78b1e992-03cf-4aa9-9672-ef8914c22cb9: fetching_usage - 42%
2025-08-09 22:12:21,617 - rates_api - INFO - [78b1e992] Sending: fetching_usage (44%)
2025-08-09 22:12:21,618 - rates_api - INFO - ✓ Sent WebSocket message to 78b1e992-03cf-4aa9-9672-ef8914c22cb9: fetching_usage - 44%
2025-08-09 22:12:22,286 - rates_api - INFO - [78b1e992] Sending: fetching_usage (47%)
2025-08-09 22:12:22,287 - rates_api - INFO - ✓ Sent WebSocket message to 78b1e992-03cf-4aa9-9672-ef8914c22cb9: fetching_usage - 47%
2025-08-09 22:12:22,968 - rates_api - INFO - [78b1e992] Sending: fetching_usage (49%)
2025-08-09 22:12:22,969 - rates_api - INFO - ✓ Sent WebSocket message to 78b1e992-03cf-4aa9-9672-ef8914c22cb9: fetching_usage - 49%
2025-08-09 22:12:23,650 - rates_api - INFO - [78b1e992] Sending: fetching_usage (52%)
2025-08-09 22:12:23,651 - rates_api - INFO - ✓ Sent WebSocket message to 78b1e992-03cf-4aa9-9672-ef8914c22cb9: fetching_usage - 52%
2025-08-09 22:12:24,597 - rates_api - INFO - [78b1e992] Sending: fetching_usage (54%)
2025-08-09 22:12:24,598 - rates_api - INFO - ✓ Sent WebSocket message to 78b1e992-03cf-4aa9-9672-ef8914c22cb9: fetching_usage - 54%
2025-08-09 22:12:25,253 - rates_api - INFO - [78b1e992] Sending: fetching_usage (57%)
2025-08-09 22:12:25,253 - rates_api - INFO - ✓ Sent WebSocket message to 78b1e992-03cf-4aa9-9672-ef8914c22cb9: fetching_usage - 57%
2025-08-09 22:12:25,981 - rates_api - INFO - [78b1e992] Sending: fetching_usage (59%)
2025-08-09 22:12:25,982 - rates_api - INFO - ✓ Sent WebSocket message to 78b1e992-03cf-4aa9-9672-ef8914c22cb9: fetching_usage - 59%
2025-08-09 22:12:26,640 - rates_api - INFO - [78b1e992] Sending: fetching_usage (62%)
2025-08-09 22:12:26,640 - rates_api - INFO - ✓ Sent WebSocket message to 78b1e992-03cf-4aa9-9672-ef8914c22cb9: fetching_usage - 62%
2025-08-09 22:12:27,283 - rates_api - INFO - [78b1e992] Sending: fetching_usage (64%)
2025-08-09 22:12:27,283 - rates_api - INFO - ✓ Sent WebSocket message to 78b1e992-03cf-4aa9-9672-ef8914c22cb9: fetching_usage - 64%
2025-08-09 22:12:27,982 - rates_api - INFO - [78b1e992] Sending: fetching_usage (67%)
2025-08-09 22:12:27,983 - rates_api - INFO - ✓ Sent WebSocket message to 78b1e992-03cf-4aa9-9672-ef8914c22cb9: fetching_usage - 67%
2025-08-09 22:12:28,575 - rates_api - INFO - [78b1e992] Sending: fetching_usage (69%)
2025-08-09 22:12:28,576 - rates_api - INFO - ✓ Sent WebSocket message to 78b1e992-03cf-4aa9-9672-ef8914c22cb9: fetching_usage - 69%
2025-08-09 22:12:28,576 - rates_api - INFO - [78b1e992] Sending: filling_template (75%)
2025-08-09 22:12:28,577 - rates_api - INFO - ✓ Sent WebSocket message to 78b1e992-03cf-4aa9-9672-ef8914c22cb9: filling_template - 75%
2025-08-09 22:12:36,283 - rates_api - INFO - [78b1e992] Sending: filling_template (80%)
2025-08-09 22:12:36,283 - rates_api - INFO - ✓ Sent WebSocket message to 78b1e992-03cf-4aa9-9672-ef8914c22cb9: filling_template - 80%
2025-08-09 22:12:36,283 - rates_api - INFO - [78b1e992] Sending: uploading (85%)
2025-08-09 22:12:36,283 - rates_api - INFO - ✓ Sent WebSocket message to 78b1e992-03cf-4aa9-9672-ef8914c22cb9: uploading - 85%
2025-08-09 22:12:36,283 - rates_api - INFO - Starting upload to Google Drive: ConEd Rates - samkortchmar - 2025-08-09 22:12
2025-08-09 22:13:08,697 - rates_api - INFO - Upload successful: 1Eqo2HBmIea-lI_0gbgvEade7YCGqGTsOfuQ6N_8Rg10
2025-08-09 22:13:08,698 - rates_api - INFO - [78b1e992] Sending: uploading (90%)
2025-08-09 22:13:08,699 - rates_api - INFO - ✓ Sent WebSocket message to 78b1e992-03cf-4aa9-9672-ef8914c22cb9: uploading - 90%
2025-08-09 22:13:08,699 - rates_api - INFO - [78b1e992] Sending: calculating_rates (95%)
2025-08-09 22:13:08,700 - rates_api - INFO - ✓ Sent WebSocket message to 78b1e992-03cf-4aa9-9672-ef8914c22cb9: calculating_rates - 95%
2025-08-09 22:13:15,764 - rates_api - INFO - [78b1e992] Sending: completed (100%)
2025-08-09 22:13:15,764 - rates_api - INFO - ✓ Sent WebSocket message to 78b1e992-03cf-4aa9-9672-ef8914c22cb9: completed - 100%
2025-08-09 22:13:15,784 - rates_api - INFO - WebSocket disconnected for session 78b1e992-03cf-4aa9-9672-ef8914c22cb9
2025-08-09 22:16:03,378 - rates_api - INFO - WebSocket connected for session 78b1e992-03cf-4aa9-9672-ef8914c22cb9
2025-08-09 22:16:03,382 - rates_api - INFO - [78b1e992] Sending: initializing (5%)
2025-08-09 22:16:03,383 - rates_api - INFO - ✓ Sent WebSocket message to 78b1e992-03cf-4aa9-9672-ef8914c22cb9: initializing - 5%
2025-08-09 22:16:03,389 - googleapiclient.discovery_cache - INFO - file_cache is only supported with oauth2client<4.0.0
2025-08-09 22:16:03,394 - googleapiclient.discovery_cache - INFO - file_cache is only supported with oauth2client<4.0.0
2025-08-09 22:16:03,398 - rates_api - INFO - [78b1e992] Sending: downloading_template (10%)
2025-08-09 22:16:03,398 - rates_api - INFO - ✓ Sent WebSocket message to 78b1e992-03cf-4aa9-9672-ef8914c22cb9: downloading_template - 10%
2025-08-09 22:16:12,009 - rates_api - INFO - [78b1e992] Sending: authenticating_coned (20%)
2025-08-09 22:16:12,010 - rates_api - INFO - ✓ Sent WebSocket message to 78b1e992-03cf-4aa9-9672-ef8914c22cb9: authenticating_coned - 20%
2025-08-09 22:16:12,012 - rates_api - INFO - [78b1e992] Sending: fetching_account (30%)
2025-08-09 22:16:12,012 - rates_api - INFO - ✓ Sent WebSocket message to 78b1e992-03cf-4aa9-9672-ef8914c22cb9: fetching_account - 30%
2025-08-09 22:16:12,228 - rates_api - INFO - [78b1e992] Sending: fetching_usage (40%)
2025-08-09 22:16:12,229 - rates_api - INFO - ✓ Sent WebSocket message to 78b1e992-03cf-4aa9-9672-ef8914c22cb9: fetching_usage - 40%
2025-08-09 22:16:12,962 - rates_api - INFO - [78b1e992] Sending: fetching_usage (42%)
2025-08-09 22:16:12,962 - rates_api - INFO - ✓ Sent WebSocket message to 78b1e992-03cf-4aa9-9672-ef8914c22cb9: fetching_usage - 42%
2025-08-09 22:16:13,684 - rates_api - INFO - [78b1e992] Sending: fetching_usage (44%)
2025-08-09 22:16:13,685 - rates_api - INFO - ✓ Sent WebSocket message to 78b1e992-03cf-4aa9-9672-ef8914c22cb9: fetching_usage - 44%
2025-08-09 22:16:14,807 - rates_api - INFO - [78b1e992] Sending: fetching_usage (47%)
2025-08-09 22:16:14,808 - rates_api - INFO - ✓ Sent WebSocket message to 78b1e992-03cf-4aa9-9672-ef8914c22cb9: fetching_usage - 47%
2025-08-09 22:16:15,751 - rates_api - INFO - [78b1e992] Sending: fetching_usage (49%)
2025-08-09 22:16:15,751 - rates_api - INFO - ✓ Sent WebSocket message to 78b1e992-03cf-4aa9-9672-ef8914c22cb9: fetching_usage - 49%
2025-08-09 22:16:16,515 - rates_api - INFO - [78b1e992] Sending: fetching_usage (52%)
2025-08-09 22:16:16,515 - rates_api - INFO - ✓ Sent WebSocket message to 78b1e992-03cf-4aa9-9672-ef8914c22cb9: fetching_usage - 52%
2025-08-09 22:16:17,265 - rates_api - INFO - [78b1e992] Sending: fetching_usage (54%)
2025-08-09 22:16:17,265 - rates_api - INFO - ✓ Sent WebSocket message to 78b1e992-03cf-4aa9-9672-ef8914c22cb9: fetching_usage - 54%
2025-08-09 22:16:18,086 - rates_api - INFO - [78b1e992] Sending: fetching_usage (57%)
2025-08-09 22:16:18,086 - rates_api - INFO - ✓ Sent WebSocket message to 78b1e992-03cf-4aa9-9672-ef8914c22cb9: fetching_usage - 57%
2025-08-09 22:16:19,082 - rates_api - INFO - [78b1e992] Sending: fetching_usage (59%)
2025-08-09 22:16:19,082 - rates_api - INFO - ✓ Sent WebSocket message to 78b1e992-03cf-4aa9-9672-ef8914c22cb9: fetching_usage - 59%
2025-08-09 22:16:19,962 - rates_api - INFO - [78b1e992] Sending: fetching_usage (62%)
2025-08-09 22:16:19,963 - rates_api - INFO - ✓ Sent WebSocket message to 78b1e992-03cf-4aa9-9672-ef8914c22cb9: fetching_usage - 62%
2025-08-09 22:16:21,252 - rates_api - INFO - [78b1e992] Sending: fetching_usage (64%)
2025-08-09 22:16:21,252 - rates_api - INFO - ✓ Sent WebSocket message to 78b1e992-03cf-4aa9-9672-ef8914c22cb9: fetching_usage - 64%
2025-08-09 22:16:22,039 - rates_api - INFO - [78b1e992] Sending: fetching_usage (67%)
2025-08-09 22:16:22,039 - rates_api - INFO - ✓ Sent WebSocket message to 78b1e992-03cf-4aa9-9672-ef8914c22cb9: fetching_usage - 67%
2025-08-09 22:16:22,604 - rates_api - INFO - [78b1e992] Sending: fetching_usage (69%)
2025-08-09 22:16:22,605 - rates_api - INFO - ✓ Sent WebSocket message to 78b1e992-03cf-4aa9-9672-ef8914c22cb9: fetching_usage - 69%
2025-08-09 22:16:22,605 - rates_api - INFO - [78b1e992] Sending: filling_template (75%)
2025-08-09 22:16:22,606 - rates_api - INFO - ✓ Sent WebSocket message to 78b1e992-03cf-4aa9-9672-ef8914c22cb9: filling_template - 75%
2025-08-09 22:16:30,504 - rates_api - INFO - [78b1e992] Sending: filling_template (80%)
2025-08-09 22:16:30,504 - rates_api - INFO - ✓ Sent WebSocket message to 78b1e992-03cf-4aa9-9672-ef8914c22cb9: filling_template - 80%
2025-08-09 22:16:30,505 - rates_api - INFO - [78b1e992] Sending: uploading (85%)
2025-08-09 22:16:30,505 - rates_api - INFO - ✓ Sent WebSocket message to 78b1e992-03cf-4aa9-9672-ef8914c22cb9: uploading - 85%
2025-08-09 22:16:30,505 - rates_api - INFO - Starting upload to Google Drive: ConEd Rates - samkortchmar - 2025-08-09 22:16
2025-08-09 22:16:55,005 - rates_api - INFO - Upload successful: 1DyU8GZ_CBic_olK87W7JFucm-NOiqsGtU-IyFBGFC7c
2025-08-09 22:16:55,005 - rates_api - INFO - [78b1e992] Sending: uploading (90%)
2025-08-09 22:16:55,006 - rates_api - INFO - ✓ Sent WebSocket message to 78b1e992-03cf-4aa9-9672-ef8914c22cb9: uploading - 90%
2025-08-09 22:16:55,007 - rates_api - INFO - [78b1e992] Sending: calculating_rates (95%)
2025-08-09 22:16:55,007 - rates_api - INFO - ✓ Sent WebSocket message to 78b1e992-03cf-4aa9-9672-ef8914c22cb9: calculating_rates - 95%
2025-08-09 22:17:01,253 - rates_api - INFO - [78b1e992] Sending: completed (100%)
2025-08-09 22:17:01,254 - rates_api - INFO - ✓ Sent WebSocket message to 78b1e992-03cf-4aa9-9672-ef8914c22cb9: completed - 100%
2025-08-09 22:17:01,294 - rates_api - INFO - WebSocket disconnected for session 78b1e992-03cf-4aa9-9672-ef8914c22cb9
2025-08-09 22:18:42,677 - rates_api - INFO - WebSocket connected for session 78b1e992-03cf-4aa9-9672-ef8914c22cb9
2025-08-09 22:18:42,683 - rates_api - INFO - [78b1e992] Sending: initializing (5%)
2025-08-09 22:18:42,684 - rates_api - INFO - ✓ Sent WebSocket message to 78b1e992-03cf-4aa9-9672-ef8914c22cb9: initializing - 5%
2025-08-09 22:18:42,686 - googleapiclient.discovery_cache - INFO - file_cache is only supported with oauth2client<4.0.0
2025-08-09 22:18:42,690 - googleapiclient.discovery_cache - INFO - file_cache is only supported with oauth2client<4.0.0
2025-08-09 22:18:42,692 - rates_api - INFO - [78b1e992] Sending: downloading_template (10%)
2025-08-09 22:18:42,692 - rates_api - INFO - ✓ Sent WebSocket message to 78b1e992-03cf-4aa9-9672-ef8914c22cb9: downloading_template - 10%
2025-08-09 22:18:50,855 - rates_api - INFO - [78b1e992] Sending: authenticating_coned (20%)
2025-08-09 22:18:50,855 - rates_api - INFO - ✓ Sent WebSocket message to 78b1e992-03cf-4aa9-9672-ef8914c22cb9: authenticating_coned - 20%
2025-08-09 22:18:50,855 - rates_api - INFO - [78b1e992] Sending: fetching_account (30%)
2025-08-09 22:18:50,856 - rates_api - INFO - ✓ Sent WebSocket message to 78b1e992-03cf-4aa9-9672-ef8914c22cb9: fetching_account - 30%
2025-08-09 22:18:51,048 - rates_api - INFO - [78b1e992] Sending: fetching_usage (40%)
2025-08-09 22:18:51,048 - rates_api - INFO - ✓ Sent WebSocket message to 78b1e992-03cf-4aa9-9672-ef8914c22cb9: fetching_usage - 40%
2025-08-09 22:18:51,721 - rates_api - INFO - [78b1e992] Sending: fetching_usage (42%)
2025-08-09 22:18:51,722 - rates_api - INFO - ✓ Sent WebSocket message to 78b1e992-03cf-4aa9-9672-ef8914c22cb9: fetching_usage - 42%
2025-08-09 22:18:52,432 - rates_api - INFO - [78b1e992] Sending: fetching_usage (44%)
2025-08-09 22:18:52,433 - rates_api - INFO - ✓ Sent WebSocket message to 78b1e992-03cf-4aa9-9672-ef8914c22cb9: fetching_usage - 44%
2025-08-09 22:18:53,102 - rates_api - INFO - [78b1e992] Sending: fetching_usage (47%)
2025-08-09 22:18:53,102 - rates_api - INFO - ✓ Sent WebSocket message to 78b1e992-03cf-4aa9-9672-ef8914c22cb9: fetching_usage - 47%
2025-08-09 22:18:53,906 - rates_api - INFO - [78b1e992] Sending: fetching_usage (49%)
2025-08-09 22:18:53,907 - rates_api - INFO - ✓ Sent WebSocket message to 78b1e992-03cf-4aa9-9672-ef8914c22cb9: fetching_usage - 49%
2025-08-09 22:18:54,681 - rates_api - INFO - [78b1e992] Sending: fetching_usage (52%)
2025-08-09 22:18:54,682 - rates_api - INFO - ✓ Sent WebSocket message to 78b1e992-03cf-4aa9-9672-ef8914c22cb9: fetching_usage - 52%
2025-08-09 22:18:55,434 - rates_api - INFO - [78b1e992] Sending: fetching_usage (54%)
2025-08-09 22:18:55,434 - rates_api - INFO - ✓ Sent WebSocket message to 78b1e992-03cf-4aa9-9672-ef8914c22cb9: fetching_usage - 54%
2025-08-09 22:18:56,226 - rates_api - INFO - [78b1e992] Sending: fetching_usage (57%)
2025-08-09 22:18:56,227 - rates_api - INFO - ✓ Sent WebSocket message to 78b1e992-03cf-4aa9-9672-ef8914c22cb9: fetching_usage - 57%
2025-08-09 22:18:56,913 - rates_api - INFO - [78b1e992] Sending: fetching_usage (59%)
2025-08-09 22:18:56,913 - rates_api - INFO - ✓ Sent WebSocket message to 78b1e992-03cf-4aa9-9672-ef8914c22cb9: fetching_usage - 59%
2025-08-09 22:18:57,577 - rates_api - INFO - [78b1e992] Sending: fetching_usage (62%)
2025-08-09 22:18:57,578 - rates_api - INFO - ✓ Sent WebSocket message to 78b1e992-03cf-4aa9-9672-ef8914c22cb9: fetching_usage - 62%
2025-08-09 22:18:58,292 - rates_api - INFO - [78b1e992] Sending: fetching_usage (64%)
2025-08-09 22:18:58,292 - rates_api - INFO - ✓ Sent WebSocket message to 78b1e992-03cf-4aa9-9672-ef8914c22cb9: fetching_usage - 64%
2025-08-09 22:18:58,999 - rates_api - INFO - [78b1e992] Sending: fetching_usage (67%)
2025-08-09 22:18:59,000 - rates_api - INFO - ✓ Sent WebSocket message to 78b1e992-03cf-4aa9-9672-ef8914c22cb9: fetching_usage - 67%
2025-08-09 22:18:59,537 - rates_api - INFO - [78b1e992] Sending: fetching_usage (69%)
2025-08-09 22:18:59,538 - rates_api - INFO - ✓ Sent WebSocket message to 78b1e992-03cf-4aa9-9672-ef8914c22cb9: fetching_usage - 69%
2025-08-09 22:18:59,539 - rates_api - INFO - [78b1e992] Sending: filling_template (75%)
2025-08-09 22:18:59,539 - rates_api - INFO - ✓ Sent WebSocket message to 78b1e992-03cf-4aa9-9672-ef8914c22cb9: filling_template - 75%
2025-08-09 22:19:07,658 - rates_api - INFO - [78b1e992] Sending: filling_template (80%)
2025-08-09 22:19:07,660 - rates_api - INFO - ✓ Sent WebSocket message to 78b1e992-03cf-4aa9-9672-ef8914c22cb9: filling_template - 80%
2025-08-09 22:19:07,660 - rates_api - INFO - [78b1e992] Sending: uploading (85%)
2025-08-09 22:19:07,660 - rates_api - INFO - ✓ Sent WebSocket message to 78b1e992-03cf-4aa9-9672-ef8914c22cb9: uploading - 85%
2025-08-09 22:19:07,660 - rates_api - INFO - Starting upload to Google Drive: ConEd Rates - samkortchmar - 2025-08-09 22:19
2025-08-09 22:19:34,853 - rates_api - INFO - Upload successful: 1OemYwHpHQVdA0EYWGquY6ENBqKn2sh0ycftes7dlQJ4
2025-08-09 22:19:34,854 - rates_api - INFO - [78b1e992] Sending: uploading (90%)
2025-08-09 22:19:34,855 - rates_api - INFO - ✓ Sent WebSocket message to 78b1e992-03cf-4aa9-9672-ef8914c22cb9: uploading - 90%
2025-08-09 22:19:34,856 - rates_api - INFO - [78b1e992] Sending: calculating_rates (95%)
2025-08-09 22:19:34,856 - rates_api - INFO - ✓ Sent WebSocket message to 78b1e992-03cf-4aa9-9672-ef8914c22cb9: calculating_rates - 95%
2025-08-09 22:19:45,402 - rates_api - INFO - [78b1e992] Sending: completed (100%)
2025-08-09 22:19:45,403 - rates_api - INFO - ✓ Sent WebSocket message to 78b1e992-03cf-4aa9-9672-ef8914c22cb9: completed - 100%
2025-08-09 22:19:45,443 - rates_api - INFO - WebSocket disconnected for session 78b1e992-03cf-4aa9-9672-ef8914c22cb9
2025-08-09 22:20:42,690 - watchfiles.main - INFO - 3 changes detected
2025-08-09 22:20:42,828 - app - INFO - Shutting down Live Wire API...
2025-08-09 22:20:43,540 - watchfiles.main - INFO - 1 change detected
2025-08-09 22:20:43,770 - __mp_main__ - INFO - Live Wire backend starting up
2025-08-09 22:20:43,770 - __mp_main__ - INFO - Loaded environment variables from /Users/samuelkortchmar/Documents/Projects/live_wire/.env.local
2025-08-09 22:20:43,771 - __mp_main__ - INFO - Allowed CORS origins: ['http://localhost:3000', 'http://localhost:3002', 'http://127.0.0.1:3000', 'http://127.0.0.1:3002']
2025-08-09 22:20:43,771 - __mp_main__ - INFO - Cookie domain: 
2025-08-09 22:20:43,796 - app - INFO - Live Wire backend starting up
2025-08-09 22:20:43,796 - app - INFO - Loaded environment variables from /Users/samuelkortchmar/Documents/Projects/live_wire/.env.local
2025-08-09 22:20:43,797 - app - INFO - Allowed CORS origins: ['http://localhost:3000', 'http://localhost:3002', 'http://127.0.0.1:3000', 'http://127.0.0.1:3002']
2025-08-09 22:20:43,797 - app - INFO - Cookie domain: 
2025-08-09 22:20:43,800 - app - INFO - Starting Live Wire API...
2025-08-09 22:20:43,800 - weather - INFO - Updating weather data...
2025-08-09 22:20:43,801 - data_collectors.weather_collector - INFO - Collecting weather data for NYC:
2025-08-09 22:20:43,801 - data_collectors.weather_collector - INFO -   Recent historical: 2025-07-10 to 2025-08-01
2025-08-09 22:20:43,801 - data_collectors.weather_collector - INFO -   Current + Forecast: last 7 days + next 7 days
2025-08-09 22:20:43,801 - data_collectors.weather_collector - INFO - Collecting weather data from 2025-07-10 to 2025-07-31
2025-08-09 22:20:43,904 - watchfiles.main - INFO - 4 changes detected
2025-08-09 22:20:45,340 - data_collectors.weather_collector - INFO - Collected 528 historical weather points
2025-08-09 22:20:45,340 - data_collectors.weather_collector - INFO - Collecting current weather and forecast data
2025-08-09 22:20:45,866 - data_collectors.weather_collector - INFO - Collected 552 current/forecast weather points
2025-08-09 22:20:45,867 - data_collectors.weather_collector - INFO - Successfully collected 1080 total weather data points
2025-08-09 22:20:45,867 - data_collectors.weather_collector - INFO - Date range: 2025-07-10 to 2025-08-24
2025-08-09 22:23:14,551 - watchfiles.main - INFO - 3 changes detected
2025-08-09 22:23:14,724 - app - INFO - Shutting down Live Wire API...
2025-08-09 22:23:15,135 - watchfiles.main - INFO - 1 change detected
2025-08-09 22:23:15,387 - __mp_main__ - INFO - Live Wire backend starting up
2025-08-09 22:23:15,387 - __mp_main__ - INFO - Loaded environment variables from /Users/samuelkortchmar/Documents/Projects/live_wire/.env.local
2025-08-09 22:23:15,388 - __mp_main__ - INFO - Allowed CORS origins: ['http://localhost:3000', 'http://localhost:3002', 'http://127.0.0.1:3000', 'http://127.0.0.1:3002']
2025-08-09 22:23:15,388 - __mp_main__ - INFO - Cookie domain: 
2025-08-09 22:23:15,411 - app - INFO - Live Wire backend starting up
2025-08-09 22:23:15,412 - app - INFO - Loaded environment variables from /Users/samuelkortchmar/Documents/Projects/live_wire/.env.local
2025-08-09 22:23:15,414 - app - INFO - Allowed CORS origins: ['http://localhost:3000', 'http://localhost:3002', 'http://127.0.0.1:3000', 'http://127.0.0.1:3002']
2025-08-09 22:23:15,415 - app - INFO - Cookie domain: 
2025-08-09 22:23:15,419 - app - INFO - Starting Live Wire API...
2025-08-09 22:23:15,420 - weather - INFO - Updating weather data...
2025-08-09 22:23:15,420 - data_collectors.weather_collector - INFO - Collecting weather data for NYC:
2025-08-09 22:23:15,420 - data_collectors.weather_collector - INFO -   Recent historical: 2025-07-10 to 2025-08-01
2025-08-09 22:23:15,420 - data_collectors.weather_collector - INFO -   Current + Forecast: last 7 days + next 7 days
2025-08-09 22:23:15,420 - data_collectors.weather_collector - INFO - Collecting weather data from 2025-07-10 to 2025-07-31
2025-08-09 22:23:15,495 - watchfiles.main - INFO - 4 changes detected
2025-08-09 22:23:16,938 - data_collectors.weather_collector - INFO - Collected 528 historical weather points
2025-08-09 22:23:16,939 - data_collectors.weather_collector - INFO - Collecting current weather and forecast data
2025-08-09 22:23:17,430 - data_collectors.weather_collector - INFO - Collected 552 current/forecast weather points
2025-08-09 22:23:17,431 - data_collectors.weather_collector - INFO - Successfully collected 1080 total weather data points
2025-08-09 22:23:17,431 - data_collectors.weather_collector - INFO - Date range: 2025-07-10 to 2025-08-24
2025-08-09 22:24:23,454 - watchfiles.main - INFO - 3 changes detected
2025-08-09 22:24:23,624 - app - INFO - Shutting down Live Wire API...
2025-08-09 22:24:24,051 - watchfiles.main - INFO - 1 change detected
2025-08-09 22:24:24,348 - __mp_main__ - INFO - Live Wire backend starting up
2025-08-09 22:24:24,348 - __mp_main__ - INFO - Loaded environment variables from /Users/samuelkortchmar/Documents/Projects/live_wire/.env.local
2025-08-09 22:24:24,349 - __mp_main__ - INFO - Allowed CORS origins: ['http://localhost:3000', 'http://localhost:3002', 'http://127.0.0.1:3000', 'http://127.0.0.1:3002']
2025-08-09 22:24:24,349 - __mp_main__ - INFO - Cookie domain: 
2025-08-09 22:24:24,374 - app - INFO - Live Wire backend starting up
2025-08-09 22:24:24,374 - app - INFO - Loaded environment variables from /Users/samuelkortchmar/Documents/Projects/live_wire/.env.local
2025-08-09 22:24:24,375 - app - INFO - Allowed CORS origins: ['http://localhost:3000', 'http://localhost:3002', 'http://127.0.0.1:3000', 'http://127.0.0.1:3002']
2025-08-09 22:24:24,375 - app - INFO - Cookie domain: 
2025-08-09 22:24:24,380 - app - INFO - Starting Live Wire API...
2025-08-09 22:24:24,380 - weather - INFO - Updating weather data...
2025-08-09 22:24:24,381 - data_collectors.weather_collector - INFO - Collecting weather data for NYC:
2025-08-09 22:24:24,381 - data_collectors.weather_collector - INFO -   Recent historical: 2025-07-10 to 2025-08-01
2025-08-09 22:24:24,381 - data_collectors.weather_collector - INFO -   Current + Forecast: last 7 days + next 7 days
2025-08-09 22:24:24,381 - data_collectors.weather_collector - INFO - Collecting weather data from 2025-07-10 to 2025-07-31
2025-08-09 22:24:24,464 - watchfiles.main - INFO - 4 changes detected
2025-08-09 22:24:25,910 - data_collectors.weather_collector - INFO - Collected 528 historical weather points
2025-08-09 22:24:25,910 - data_collectors.weather_collector - INFO - Collecting current weather and forecast data
2025-08-09 22:24:26,422 - data_collectors.weather_collector - INFO - Collected 552 current/forecast weather points
2025-08-09 22:24:26,424 - data_collectors.weather_collector - INFO - Successfully collected 1080 total weather data points
2025-08-09 22:24:26,425 - data_collectors.weather_collector - INFO - Date range: 2025-07-10 to 2025-08-24
2025-08-09 22:24:41,531 - watchfiles.main - INFO - 3 changes detected
2025-08-09 22:24:41,691 - app - INFO - Shutting down Live Wire API...
2025-08-09 22:24:42,103 - watchfiles.main - INFO - 4 changes detected
2025-08-09 22:24:42,335 - __mp_main__ - INFO - Live Wire backend starting up
2025-08-09 22:24:42,335 - __mp_main__ - INFO - Loaded environment variables from /Users/samuelkortchmar/Documents/Projects/live_wire/.env.local
2025-08-09 22:24:42,341 - __mp_main__ - INFO - Allowed CORS origins: ['http://localhost:3000', 'http://localhost:3002', 'http://127.0.0.1:3000', 'http://127.0.0.1:3002']
2025-08-09 22:24:42,341 - __mp_main__ - INFO - Cookie domain: 
2025-08-09 22:24:42,366 - app - INFO - Live Wire backend starting up
2025-08-09 22:24:42,366 - app - INFO - Loaded environment variables from /Users/samuelkortchmar/Documents/Projects/live_wire/.env.local
2025-08-09 22:24:42,366 - app - INFO - Allowed CORS origins: ['http://localhost:3000', 'http://localhost:3002', 'http://127.0.0.1:3000', 'http://127.0.0.1:3002']
2025-08-09 22:24:42,366 - app - INFO - Cookie domain: 
2025-08-09 22:24:42,368 - app - INFO - Starting Live Wire API...
2025-08-09 22:24:42,368 - weather - INFO - Updating weather data...
2025-08-09 22:24:42,368 - data_collectors.weather_collector - INFO - Collecting weather data for NYC:
2025-08-09 22:24:42,368 - data_collectors.weather_collector - INFO -   Recent historical: 2025-07-10 to 2025-08-01
2025-08-09 22:24:42,368 - data_collectors.weather_collector - INFO -   Current + Forecast: last 7 days + next 7 days
2025-08-09 22:24:42,368 - data_collectors.weather_collector - INFO - Collecting weather data from 2025-07-10 to 2025-07-31
2025-08-09 22:24:42,467 - watchfiles.main - INFO - 1 change detected
2025-08-09 22:24:43,879 - data_collectors.weather_collector - INFO - Collected 528 historical weather points
2025-08-09 22:24:43,880 - data_collectors.weather_collector - INFO - Collecting current weather and forecast data
2025-08-09 22:24:44,353 - data_collectors.weather_collector - INFO - Collected 552 current/forecast weather points
2025-08-09 22:24:44,354 - data_collectors.weather_collector - INFO - Successfully collected 1080 total weather data points
2025-08-09 22:24:44,354 - data_collectors.weather_collector - INFO - Date range: 2025-07-10 to 2025-08-24
2025-08-09 22:25:03,624 - rates_api - INFO - WebSocket connected for session 78b1e992-03cf-4aa9-9672-ef8914c22cb9
2025-08-09 22:25:03,697 - rates_api - INFO - WebSocket disconnected for session 78b1e992-03cf-4aa9-9672-ef8914c22cb9
2025-08-09 22:25:17,553 - app - INFO - Login attempt for user: samkortchmar@gmail.com
2025-08-09 22:25:17,554 - user - INFO - Created MFA session 310597b5-dbc1-410d-a42f-23b18ca86515 for user samkortchmar@gmail.com
2025-08-09 22:25:17,554 - app - INFO - Setting cookie - Production: False, Domain: None
2025-08-09 22:25:33,941 - user - INFO - MFA code received for session 310597b5-dbc1-410d-a42f-23b18ca86515
2025-08-09 22:25:38,256 - user - INFO - Access token stored for session 310597b5-dbc1-410d-a42f-23b18ca86515
2025-08-09 22:25:38,257 - user - INFO - Authentication successful for session 310597b5-dbc1-410d-a42f-23b18ca86515
2025-08-09 22:25:50,949 - rates_api - INFO - WebSocket connected for session 310597b5-dbc1-410d-a42f-23b18ca86515
2025-08-09 22:25:50,956 - rates_api - INFO - [310597b5] Sending: initializing (5%)
2025-08-09 22:25:50,957 - rates_api - INFO - ✓ Sent WebSocket message to 310597b5-dbc1-410d-a42f-23b18ca86515: initializing - 5%
2025-08-09 22:25:51,063 - googleapiclient.discovery_cache - INFO - file_cache is only supported with oauth2client<4.0.0
2025-08-09 22:25:51,067 - googleapiclient.discovery_cache - INFO - file_cache is only supported with oauth2client<4.0.0
2025-08-09 22:25:51,070 - rates_api - INFO - [310597b5] Sending: downloading_template (10%)
2025-08-09 22:25:51,071 - rates_api - INFO - ✓ Sent WebSocket message to 310597b5-dbc1-410d-a42f-23b18ca86515: downloading_template - 10%
2025-08-09 22:26:01,440 - rates_api - INFO - [310597b5] Sending: authenticating_coned (20%)
2025-08-09 22:26:01,441 - rates_api - INFO - ✓ Sent WebSocket message to 310597b5-dbc1-410d-a42f-23b18ca86515: authenticating_coned - 20%
2025-08-09 22:26:01,544 - rates_api - INFO - [310597b5] Sending: fetching_account (30%)
2025-08-09 22:26:01,545 - rates_api - INFO - ✓ Sent WebSocket message to 310597b5-dbc1-410d-a42f-23b18ca86515: fetching_account - 30%
2025-08-09 22:26:01,831 - rates_api - INFO - [310597b5] Sending: fetching_usage (40%)
2025-08-09 22:26:01,832 - rates_api - INFO - ✓ Sent WebSocket message to 310597b5-dbc1-410d-a42f-23b18ca86515: fetching_usage - 40%
2025-08-09 22:26:02,754 - rates_api - INFO - [310597b5] Sending: fetching_usage (42%)
2025-08-09 22:26:02,755 - rates_api - INFO - ✓ Sent WebSocket message to 310597b5-dbc1-410d-a42f-23b18ca86515: fetching_usage - 42%
2025-08-09 22:26:03,562 - rates_api - INFO - [310597b5] Sending: fetching_usage (44%)
2025-08-09 22:26:03,563 - rates_api - INFO - ✓ Sent WebSocket message to 310597b5-dbc1-410d-a42f-23b18ca86515: fetching_usage - 44%
2025-08-09 22:26:04,377 - rates_api - INFO - [310597b5] Sending: fetching_usage (47%)
2025-08-09 22:26:04,377 - rates_api - INFO - ✓ Sent WebSocket message to 310597b5-dbc1-410d-a42f-23b18ca86515: fetching_usage - 47%
2025-08-09 22:26:05,196 - rates_api - INFO - [310597b5] Sending: fetching_usage (49%)
2025-08-09 22:26:05,197 - rates_api - INFO - ✓ Sent WebSocket message to 310597b5-dbc1-410d-a42f-23b18ca86515: fetching_usage - 49%
2025-08-09 22:26:06,071 - rates_api - INFO - [310597b5] Sending: fetching_usage (52%)
2025-08-09 22:26:06,071 - rates_api - INFO - ✓ Sent WebSocket message to 310597b5-dbc1-410d-a42f-23b18ca86515: fetching_usage - 52%
2025-08-09 22:26:06,917 - rates_api - INFO - [310597b5] Sending: fetching_usage (54%)
2025-08-09 22:26:06,917 - rates_api - INFO - ✓ Sent WebSocket message to 310597b5-dbc1-410d-a42f-23b18ca86515: fetching_usage - 54%
2025-08-09 22:26:08,146 - rates_api - INFO - [310597b5] Sending: fetching_usage (57%)
2025-08-09 22:26:08,146 - rates_api - INFO - ✓ Sent WebSocket message to 310597b5-dbc1-410d-a42f-23b18ca86515: fetching_usage - 57%
2025-08-09 22:26:08,967 - rates_api - INFO - [310597b5] Sending: fetching_usage (59%)
2025-08-09 22:26:08,968 - rates_api - INFO - ✓ Sent WebSocket message to 310597b5-dbc1-410d-a42f-23b18ca86515: fetching_usage - 59%
2025-08-09 22:26:09,800 - rates_api - INFO - [310597b5] Sending: fetching_usage (62%)
2025-08-09 22:26:09,800 - rates_api - INFO - ✓ Sent WebSocket message to 310597b5-dbc1-410d-a42f-23b18ca86515: fetching_usage - 62%
2025-08-09 22:26:10,632 - rates_api - INFO - [310597b5] Sending: fetching_usage (64%)
2025-08-09 22:26:10,633 - rates_api - INFO - ✓ Sent WebSocket message to 310597b5-dbc1-410d-a42f-23b18ca86515: fetching_usage - 64%
2025-08-09 22:26:11,525 - rates_api - INFO - [310597b5] Sending: fetching_usage (67%)
2025-08-09 22:26:11,526 - rates_api - INFO - ✓ Sent WebSocket message to 310597b5-dbc1-410d-a42f-23b18ca86515: fetching_usage - 67%
2025-08-09 22:26:12,246 - rates_api - INFO - [310597b5] Sending: fetching_usage (69%)
2025-08-09 22:26:12,247 - rates_api - INFO - ✓ Sent WebSocket message to 310597b5-dbc1-410d-a42f-23b18ca86515: fetching_usage - 69%
2025-08-09 22:26:12,349 - rates_api - INFO - [310597b5] Sending: filling_template (75%)
2025-08-09 22:26:12,350 - rates_api - INFO - ✓ Sent WebSocket message to 310597b5-dbc1-410d-a42f-23b18ca86515: filling_template - 75%
2025-08-09 22:26:20,250 - rates_api - INFO - [310597b5] Sending: filling_template (80%)
2025-08-09 22:26:20,250 - rates_api - INFO - ✓ Sent WebSocket message to 310597b5-dbc1-410d-a42f-23b18ca86515: filling_template - 80%
2025-08-09 22:26:20,352 - rates_api - INFO - [310597b5] Sending: uploading (85%)
2025-08-09 22:26:20,352 - rates_api - INFO - ✓ Sent WebSocket message to 310597b5-dbc1-410d-a42f-23b18ca86515: uploading - 85%
2025-08-09 22:26:20,453 - rates_api - INFO - Starting upload to Google Drive: ConEd Rates - samkortchmar - 2025-08-09 22:26
2025-08-09 22:26:44,209 - rates_api - INFO - Upload successful: 1o0JoH6yKR_fRX-f2R-oS-InV0PmztFaHQ5-hVzjpWMY
2025-08-09 22:26:44,210 - rates_api - INFO - [310597b5] Sending: uploading (90%)
2025-08-09 22:26:44,211 - rates_api - INFO - ✓ Sent WebSocket message to 310597b5-dbc1-410d-a42f-23b18ca86515: uploading - 90%
2025-08-09 22:26:44,313 - rates_api - INFO - [310597b5] Sending: calculating_rates (95%)
2025-08-09 22:26:44,314 - rates_api - INFO - ✓ Sent WebSocket message to 310597b5-dbc1-410d-a42f-23b18ca86515: calculating_rates - 95%
2025-08-09 22:26:58,956 - rates_api - INFO - [310597b5] Sending: completed (100%)
2025-08-09 22:26:58,958 - rates_api - INFO - ✓ Sent WebSocket message to 310597b5-dbc1-410d-a42f-23b18ca86515: completed - 100%
2025-08-09 22:26:58,962 - rates_api - INFO - WebSocket disconnected for session 310597b5-dbc1-410d-a42f-23b18ca86515
